#
# There is insufficient memory for the Java Runtime Environment to continue.
# Native memory allocation (malloc) failed to allocate 876320 bytes. Error detail: Chunk::new
# Possible reasons:
#   The system is out of physical RAM or swap space
#   This process is running with CompressedOops enabled, and the Java Heap may be blocking the growth of the native heap
# Possible solutions:
#   Reduce memory load on the system
#   Increase physical memory or swap space
#   Check if swap backing store is full
#   Decrease Java heap size (-Xmx/-Xms)
#   Decrease number of Java threads
#   Decrease Java thread stack sizes (-Xss)
#   Set larger code cache with -XX:ReservedCodeCacheSize=
#   JVM is running with Unscaled Compressed Oops mode in which the Java heap is
#     placed in the first 4GB address space. The Java Heap base address is the
#     maximum limit for the native heap growth. Please use -XX:HeapBaseMinAddress
#     to set the Java Heap base and to place the Java Heap above 4GB virtual address.
# This output file may be truncated or incomplete.
#
#  Out of Memory Error (arena.cpp:168), pid=15572, tid=29160
#
# JRE version: OpenJDK Runtime Environment Temurin-21.0.11+10 (21.0.11+10) (build 21.0.11+10-LTS)
# Java VM: OpenJDK 64-Bit Server VM Temurin-21.0.11+10 (21.0.11+10-LTS, mixed mode, sharing, tiered, compressed oops, compressed class ptrs, parallel gc, windows-amd64)
# No core dump will be written. Minidumps are not enabled by default on client versions of Windows
#

---------------  S U M M A R Y ------------

Command Line: --add-modules=ALL-SYSTEM --add-opens=java.base/java.util=ALL-UNNAMED --add-opens=java.base/java.lang=ALL-UNNAMED --add-opens=java.base/sun.nio.fs=ALL-UNNAMED -Declipse.application=org.eclipse.jdt.ls.core.id1 -Dosgi.bundles.defaultStartLevel=4 -Declipse.product=org.eclipse.jdt.ls.core.product -Djava.import.generatesMetadataFilesAtProjectRoot=false -DDetectVMInstallationsJob.disabled=true -Dfile.encoding=utf8 -XX:+UseParallelGC -XX:GCTimeRatio=4 -XX:AdaptiveSizePolicyWeight=90 -Dsun.zip.disableMemoryMapping=true -Xmx2G -Xms100m -Xlog:disable -javaagent:c:\Users\ASUS\.vscode\extensions\redhat.java-1.55.0-win32-x64\lombok\lombok-1.18.39-4050.jar -XX:+HeapDumpOnOutOfMemoryError -XX:HeapDumpPath=c:\Users\ASUS\AppData\Roaming\Code\User\workspaceStorage\310fbe4528a2ae5d50329e2df5e0b5d2\redhat.java -Daether.dependencyCollector.impl=bf c:\Users\ASUS\.vscode\extensions\redhat.java-1.55.0-win32-x64\server\plugins\org.eclipse.equinox.launcher_1.7.200.v20260619-2039.jar -configuration c:\Users\ASUS\AppData\Roaming\Code\User\globalStorage\redhat.java\1.55.0\config_win -data c:\Users\ASUS\AppData\Roaming\Code\User\workspaceStorage\310fbe4528a2ae5d50329e2df5e0b5d2\redhat.java\jdt_ws --pipe=\\.\pipe\lsp-761c2291a03abfed24ac1e21895d1a50-sock

Host: AMD Ryzen 7 7435HS                             , 16 cores, 7G,  Windows 11 , 64 bit Build 26100 (10.0.26100.8521)
Time: Tue Jul  7 18:38:01 2026 SE Asia Standard Time elapsed time: 55.570144 seconds (0d 0h 0m 55s)

---------------  T H R E A D  ---------------

Current thread (0x0000018873fa8270):  JavaThread "C2 CompilerThread0" daemon [_thread_in_native, id=29160, stack(0x0000004c69500000,0x0000004c69600000) (1024K)]


Current CompileTask:
C2:55570 11014   !   4       org.eclipse.jdt.internal.compiler.classfmt.ClassFileReader::<init> (1968 bytes)

Stack: [0x0000004c69500000,0x0000004c69600000]
Native frames: (J=compiled Java code, j=interpreted, Vv=VM code, C=native code)
V  [jvm.dll+0x6d7e19]
V  [jvm.dll+0x8b5096]
V  [jvm.dll+0x8b764e]
V  [jvm.dll+0x8b7d33]
V  [jvm.dll+0x284596]
V  [jvm.dll+0xc685d]
V  [jvm.dll+0xc6da1]
V  [jvm.dll+0x3bed6b]
V  [jvm.dll+0x1e3da4]
V  [jvm.dll+0x24c853]
V  [jvm.dll+0x24bce0]
V  [jvm.dll+0x1cb4ae]
V  [jvm.dll+0x25baad]
V  [jvm.dll+0x25a03a]
V  [jvm.dll+0x3f868e]
V  [jvm.dll+0x85fb0d]
V  [jvm.dll+0x6d664d]
C  [ucrtbase.dll+0x2cd30]
C  [KERNEL32.DLL+0x2e957]
C  [ntdll.dll+0x87c1c]


---------------  P R O C E S S  ---------------

Threads class SMR info:
_java_thread_list=0x000001887cff40a0, length=55, elements={
0x0000018859e4c640, 0x000001885c2a53e0, 0x000001885c2a5f40, 0x000001885c2a9040,
0x000001885c2abe60, 0x000001885c2b1630, 0x000001885c2af560, 0x0000018873fa8270,
0x0000018873fa9c30, 0x000001885c2b2350, 0x000001885c2b29e0, 0x000001885c2b1cc0,
0x000001885c2afbf0, 0x000001885c2b0280, 0x000001885c2b0910, 0x000001885c2b0fa0,
0x000001887ac5e9e0, 0x000001887ac5d630, 0x000001887ac5f700, 0x000001887ac5f070,
0x000001887ac5dcc0, 0x000001887ac61140, 0x000001887ac5fd90, 0x000001887ac60420,
0x000001887ac617d0, 0x000001887ac5e350, 0x000001887ac624f0, 0x000001887ac63f30,
0x000001887ac61e60, 0x000001887ac62b80, 0x000001887ac63210, 0x000001887ac638a0,
0x000001887ac645c0, 0x000001887ac64c50, 0x000001887d340e50, 0x000001887d33e060,
0x000001887d33ed80, 0x000001887d33f410, 0x000001887d3414e0, 0x000001887d33faa0,
0x000001887d340130, 0x000001887d341b70, 0x000001887d33e6f0, 0x000001887d342200,
0x000001887d342890, 0x000001887d342f20, 0x000001887d3407c0, 0x000001887d345680,
0x000001887d344ff0, 0x000001887d343c40, 0x000001887d3442d0, 0x000001887bff7580,
0x000001887bff8fc0, 0x000001887bffa370, 0x000001887bff9650
}

Java Threads: ( => current thread )
  0x0000018859e4c640 JavaThread "main"                              [_thread_blocked, id=33672, stack(0x0000004c68b00000,0x0000004c68c00000) (1024K)]
  0x000001885c2a53e0 JavaThread "Reference Handler"          daemon [_thread_blocked, id=23476, stack(0x0000004c68f00000,0x0000004c69000000) (1024K)]
  0x000001885c2a5f40 JavaThread "Finalizer"                  daemon [_thread_blocked, id=26300, stack(0x0000004c69000000,0x0000004c69100000) (1024K)]
  0x000001885c2a9040 JavaThread "Signal Dispatcher"          daemon [_thread_blocked, id=17248, stack(0x0000004c69100000,0x0000004c69200000) (1024K)]
  0x000001885c2abe60 JavaThread "Attach Listener"            daemon [_thread_blocked, id=4540, stack(0x0000004c69200000,0x0000004c69300000) (1024K)]
  0x000001885c2b1630 JavaThread "Service Thread"             daemon [_thread_blocked, id=10092, stack(0x0000004c69300000,0x0000004c69400000) (1024K)]
  0x000001885c2af560 JavaThread "Monitor Deflation Thread"   daemon [_thread_blocked, id=28328, stack(0x0000004c69400000,0x0000004c69500000) (1024K)]
=>0x0000018873fa8270 JavaThread "C2 CompilerThread0"         daemon [_thread_in_native, id=29160, stack(0x0000004c69500000,0x0000004c69600000) (1024K)]
  0x0000018873fa9c30 JavaThread "C1 CompilerThread0"         daemon [_thread_blocked, id=20608, stack(0x0000004c69600000,0x0000004c69700000) (1024K)]
  0x000001885c2b2350 JavaThread "Common-Cleaner"             daemon [_thread_blocked, id=15740, stack(0x0000004c69b00000,0x0000004c69c00000) (1024K)]
  0x000001885c2b29e0 JavaThread "Notification Thread"        daemon [_thread_blocked, id=17176, stack(0x0000004c69a00000,0x0000004c69b00000) (1024K)]
  0x000001885c2b1cc0 JavaThread "Active Thread: Equinox Container: 3382516b-ea09-4d61-917e-31e099949050"        [_thread_blocked, id=14288, stack(0x0000004c69c00000,0x0000004c69d00000) (1024K)]
  0x000001885c2afbf0 JavaThread "Refresh Thread: Equinox Container: 3382516b-ea09-4d61-917e-31e099949050" daemon [_thread_blocked, id=29520, stack(0x0000004c6a400000,0x0000004c6a500000) (1024K)]
  0x000001885c2b0280 JavaThread "Framework Event Dispatcher: Equinox Container: 3382516b-ea09-4d61-917e-31e099949050" daemon [_thread_blocked, id=31484, stack(0x0000004c6a500000,0x0000004c6a600000) (1024K)]
  0x000001885c2b0910 JavaThread "Start Level: Equinox Container: 3382516b-ea09-4d61-917e-31e099949050" daemon [_thread_blocked, id=30244, stack(0x0000004c6a600000,0x0000004c6a700000) (1024K)]
  0x000001885c2b0fa0 JavaThread "Bundle File Closer"         daemon [_thread_blocked, id=30040, stack(0x0000004c6aa00000,0x0000004c6ab00000) (1024K)]
  0x000001887ac5e9e0 JavaThread "SCR Component Actor"        daemon [_thread_blocked, id=7468, stack(0x0000004c69800000,0x0000004c69900000) (1024K)]
  0x000001887ac5d630 JavaThread "Worker-JM"                         [_thread_blocked, id=10712, stack(0x0000004c69900000,0x0000004c69a00000) (1024K)]
  0x000001887ac5f700 JavaThread "JNA Cleaner"                daemon [_thread_blocked, id=32096, stack(0x0000004c6ae00000,0x0000004c6af00000) (1024K)]
  0x000001887ac5f070 JavaThread "Worker-0"                          [_thread_blocked, id=25852, stack(0x0000004c6af00000,0x0000004c6b000000) (1024K)]
  0x000001887ac5dcc0 JavaThread "Worker-1: Java indexing... "        [_thread_blocked, id=34528, stack(0x0000004c6b000000,0x0000004c6b100000) (1024K)]
  0x000001887ac61140 JavaThread "Worker-2"                          [_thread_blocked, id=21796, stack(0x0000004c6b100000,0x0000004c6b200000) (1024K)]
  0x000001887ac5fd90 JavaThread "Java indexing"              daemon [_thread_in_Java, id=19672, stack(0x0000004c6b500000,0x0000004c6b600000) (1024K)]
  0x000001887ac60420 JavaThread "Worker-3"                          [_thread_blocked, id=11560, stack(0x0000004c6b600000,0x0000004c6b700000) (1024K)]
  0x000001887ac617d0 JavaThread "Worker-4"                          [_thread_blocked, id=27840, stack(0x0000004c6b800000,0x0000004c6b900000) (1024K)]
  0x000001887ac5e350 JavaThread "Worker-5: Initialize workspace"        [_thread_blocked, id=460, stack(0x0000004c6bc00000,0x0000004c6bd00000) (1024K)]
  0x000001887ac624f0 JavaThread "Thread-1"                   daemon [_thread_in_native, id=32976, stack(0x0000004c6bd00000,0x0000004c6be00000) (1024K)]
  0x000001887ac63f30 JavaThread "Thread-2"                   daemon [_thread_in_native, id=27844, stack(0x0000004c6be00000,0x0000004c6bf00000) (1024K)]
  0x000001887ac61e60 JavaThread "Thread-3"                   daemon [_thread_in_native, id=31680, stack(0x0000004c6bf00000,0x0000004c6c000000) (1024K)]
  0x000001887ac62b80 JavaThread "Thread-4"                   daemon [_thread_in_native, id=33228, stack(0x0000004c6c000000,0x0000004c6c100000) (1024K)]
  0x000001887ac63210 JavaThread "Thread-5"                   daemon [_thread_in_native, id=20512, stack(0x0000004c6c100000,0x0000004c6c200000) (1024K)]
  0x000001887ac638a0 JavaThread "Thread-6"                   daemon [_thread_in_native, id=9996, stack(0x0000004c6c200000,0x0000004c6c300000) (1024K)]
  0x000001887ac645c0 JavaThread "Thread-7"                   daemon [_thread_in_native, id=16536, stack(0x0000004c6c300000,0x0000004c6c400000) (1024K)]
  0x000001887ac64c50 JavaThread "Thread-8"                   daemon [_thread_in_native, id=6704, stack(0x0000004c6c400000,0x0000004c6c500000) (1024K)]
  0x000001887d340e50 JavaThread "Thread-9"                   daemon [_thread_in_native, id=12712, stack(0x0000004c6c500000,0x0000004c6c600000) (1024K)]
  0x000001887d33e060 JavaThread "Thread-10"                  daemon [_thread_in_native, id=8788, stack(0x0000004c6c600000,0x0000004c6c700000) (1024K)]
  0x000001887d33ed80 JavaThread "Thread-11"                  daemon [_thread_in_native, id=22036, stack(0x0000004c6c700000,0x0000004c6c800000) (1024K)]
  0x000001887d33f410 JavaThread "Thread-12"                  daemon [_thread_in_native, id=33868, stack(0x0000004c6c800000,0x0000004c6c900000) (1024K)]
  0x000001887d3414e0 JavaThread "Thread-13"                  daemon [_thread_in_native, id=4592, stack(0x0000004c6c900000,0x0000004c6ca00000) (1024K)]
  0x000001887d33faa0 JavaThread "Thread-14"                  daemon [_thread_in_native, id=27420, stack(0x0000004c6ca00000,0x0000004c6cb00000) (1024K)]
  0x000001887d340130 JavaThread "Thread-15"                  daemon [_thread_in_native, id=16088, stack(0x0000004c6cb00000,0x0000004c6cc00000) (1024K)]
  0x000001887d341b70 JavaThread "Thread-16"                  daemon [_thread_in_native, id=19460, stack(0x0000004c6cc00000,0x0000004c6cd00000) (1024K)]
  0x000001887d33e6f0 JavaThread "Thread-17"                  daemon [_thread_in_native, id=17508, stack(0x0000004c6cd00000,0x0000004c6ce00000) (1024K)]
  0x000001887d342200 JavaThread "pool-2-thread-1"                   [_thread_blocked, id=33172, stack(0x0000004c6ce00000,0x0000004c6cf00000) (1024K)]
  0x000001887d342890 JavaThread "Worker-6: Initialize Workspace"        [_thread_blocked, id=29884, stack(0x0000004c6cf00000,0x0000004c6d000000) (1024K)]
  0x000001887d342f20 JavaThread "WorkspaceEventsHandler"            [_thread_blocked, id=12916, stack(0x0000004c6d000000,0x0000004c6d100000) (1024K)]
  0x000001887d3407c0 JavaThread "pool-1-thread-1"                   [_thread_blocked, id=26112, stack(0x0000004c6d100000,0x0000004c6d200000) (1024K)]
  0x000001887d345680 JavaThread "LocalFile Deleter"          daemon [_thread_blocked, id=3200, stack(0x0000004c6d200000,0x0000004c6d300000) (1024K)]
  0x000001887d344ff0 JavaThread "LocalFile Deleter"          daemon [_thread_blocked, id=33392, stack(0x0000004c6d300000,0x0000004c6d400000) (1024K)]
  0x000001887d343c40 JavaThread "LocalFile Deleter"          daemon [_thread_blocked, id=33380, stack(0x0000004c6d400000,0x0000004c6d500000) (1024K)]
  0x000001887d3442d0 JavaThread "Compiler Source File Reader" daemon [_thread_blocked, id=15532, stack(0x0000004c6d500000,0x0000004c6d600000) (1024K)]
  0x000001887bff7580 JavaThread "Compiler Processing Task"   daemon [_thread_blocked, id=11684, stack(0x0000004c6d600000,0x0000004c6d700000) (1024K)]
  0x000001887bff8fc0 JavaThread "Compiler Class File Writer" daemon [_thread_blocked, id=22788, stack(0x0000004c6d700000,0x0000004c6d800000) (1024K)]
  0x000001887bffa370 JavaThread "Compiler Source File Reader" daemon [_thread_blocked, id=10924, stack(0x0000004c6d800000,0x0000004c6d900000) (1024K)]
  0x000001887bff9650 JavaThread "Compiler Class File Writer" daemon [_thread_blocked, id=34496, stack(0x0000004c6d900000,0x0000004c6da00000) (1024K)]
Total: 55

Other Threads:
  0x0000018873fa4ba0 VMThread "VM Thread"                           [id=34488, stack(0x0000004c68e00000,0x0000004c68f00000) (1024K)]
  0x000001885c08ca10 WatcherThread "VM Periodic Task Thread"        [id=13624, stack(0x0000004c68d00000,0x0000004c68e00000) (1024K)]
  0x000001885c21f980 WorkerThread "GC Thread#0"                     [id=14504, stack(0x0000004c68c00000,0x0000004c68d00000) (1024K)]
  0x000001887a7449a0 WorkerThread "GC Thread#1"                     [id=32612, stack(0x0000004c69d00000,0x0000004c69e00000) (1024K)]
  0x000001887a551870 WorkerThread "GC Thread#2"                     [id=33048, stack(0x0000004c69e00000,0x0000004c69f00000) (1024K)]
  0x000001887a744d50 WorkerThread "GC Thread#3"                     [id=13124, stack(0x0000004c69f00000,0x0000004c6a000000) (1024K)]
  0x000001887a56cd10 WorkerThread "GC Thread#4"                     [id=30888, stack(0x0000004c6a000000,0x0000004c6a100000) (1024K)]
  0x000001887a56d0c0 WorkerThread "GC Thread#5"                     [id=18212, stack(0x0000004c6a100000,0x0000004c6a200000) (1024K)]
  0x000001887a536ae0 WorkerThread "GC Thread#6"                     [id=19552, stack(0x0000004c6a200000,0x0000004c6a300000) (1024K)]
  0x000001887a55b510 WorkerThread "GC Thread#7"                     [id=34156, stack(0x0000004c6a300000,0x0000004c6a400000) (1024K)]
  0x000001887ab1ab80 WorkerThread "GC Thread#8"                     [id=31904, stack(0x0000004c6a700000,0x0000004c6a800000) (1024K)]
  0x000001887a9676f0 WorkerThread "GC Thread#9"                     [id=32816, stack(0x0000004c6a800000,0x0000004c6a900000) (1024K)]
  0x000001887a967aa0 WorkerThread "GC Thread#10"                    [id=20172, stack(0x0000004c6a900000,0x0000004c6aa00000) (1024K)]
  0x000001887a0d86a0 WorkerThread "GC Thread#11"                    [id=8440, stack(0x0000004c6ab00000,0x0000004c6ac00000) (1024K)]
  0x000001887a0d82f0 WorkerThread "GC Thread#12"                    [id=31696, stack(0x0000004c6ac00000,0x0000004c6ad00000) (1024K)]
Total: 15

Threads with active compile tasks:
C2 CompilerThread0  55621 11014   !   4       org.eclipse.jdt.internal.compiler.classfmt.ClassFileReader::<init> (1968 bytes)
Total: 1

VM state: not at safepoint (normal execution)

VM Mutex/Monitor currently owned by a thread: None

Heap address: 0x0000000080000000, size: 2048 MB, Compressed Oops mode: 32-bit

CDS archive(s) mapped at: [0x0000018800000000-0x0000018800ba0000-0x0000018800ba0000), size 12189696, SharedBaseAddress: 0x0000018800000000, ArchiveRelocationMode: 1.
Compressed class space mapped at: 0x0000018801000000-0x0000018841000000, reserved size: 1073741824
Narrow klass base: 0x0000018800000000, Narrow klass shift: 0, Narrow klass range: 0x100000000

GC Precious Log:
 CardTable entry size: 512
 CPUs: 16 total, 16 available
 Memory: 8010M
 Large Page Support: Disabled
 NUMA Support: Disabled
 Compressed Oops: Enabled (32-bit)
 Alignments: Space 512K, Generation 512K, Heap 2M
 Heap Min Capacity: 100M
 Heap Initial Capacity: 100M
 Heap Max Capacity: 2G
 Pre-touch: Disabled
 Parallel Workers: 13

Heap:
 PSYoungGen      total 6144K, used 4840K [0x00000000d5580000, 0x00000000d5c80000, 0x0000000100000000)
  eden space 5120K, 80% used [0x00000000d5580000,0x00000000d59822c0,0x00000000d5a80000)
  from space 1024K, 71% used [0x00000000d5b80000,0x00000000d5c38000,0x00000000d5c80000)
  to   space 1024K, 0% used [0x00000000d5a80000,0x00000000d5a80000,0x00000000d5b80000)
 ParOldGen       total 409088K, used 408775K [0x0000000080000000, 0x0000000098f80000, 0x00000000d5580000)
  object space 409088K, 99% used [0x0000000080000000,0x0000000098f31d60,0x0000000098f80000)
 Metaspace       used 59469K, committed 60864K, reserved 1114112K
  class space    used 6398K, committed 6976K, reserved 1048576K

Card table byte_map: [0x000001885bba0000,0x000001885bfb0000] _byte_map_base: 0x000001885b7a0000

Marking Bits: (ParMarkBitMap*) 0x00007ffe43f94460
 Begin Bits: [0x000001886e6b0000, 0x00000188706b0000)
 End Bits:   [0x00000188706b0000, 0x00000188726b0000)

Polling page: 0x0000018859de0000

Metaspace:

Usage:
  Non-class:     51.83 MB used.
      Class:      6.25 MB used.
       Both:     58.08 MB used.

Virtual space:
  Non-class space:       64.00 MB reserved,      52.62 MB ( 82%) committed,  1 nodes.
      Class space:        1.00 GB reserved,       6.81 MB ( <1%) committed,  1 nodes.
             Both:        1.06 GB reserved,      59.44 MB (  5%) committed. 

Chunk freelists:
   Non-Class:  11.00 MB
       Class:  9.19 MB
        Both:  20.19 MB

MaxMetaspaceSize: unlimited
CompressedClassSpaceSize: 1.00 GB
Initial GC threshold: 21.00 MB
Current GC threshold: 98.88 MB
CDS: on
 - commit_granule_bytes: 65536.
 - commit_granule_words: 8192.
 - virtual_space_node_default_size: 8388608.
 - enlarge_chunks_in_place: 1.
 - use_allocation_guard: 0.


Internal statistics:

num_allocs_failed_limit: 9.
num_arena_births: 1172.
num_arena_deaths: 16.
num_vsnodes_births: 2.
num_vsnodes_deaths: 0.
num_space_committed: 951.
num_space_uncommitted: 0.
num_chunks_returned_to_freelist: 26.
num_chunks_taken_from_freelist: 4139.
num_chunk_merges: 13.
num_chunk_splits: 2424.
num_chunks_enlarged: 1189.
num_inconsistent_stats: 0.

CodeHeap 'non-profiled nmethods': size=119168Kb used=5681Kb max_used=5681Kb free=113486Kb
 bounds [0x0000018866fa0000, 0x0000018867530000, 0x000001886e400000]
CodeHeap 'profiled nmethods': size=119104Kb used=17166Kb max_used=19767Kb free=101937Kb
 bounds [0x000001885f400000, 0x0000018860750000, 0x0000018866850000]
CodeHeap 'non-nmethods': size=7488Kb used=1424Kb max_used=3225Kb free=6064Kb
 bounds [0x0000018866850000, 0x0000018866c50000, 0x0000018866fa0000]
CodeCache: size=245760Kb, used=24271Kb, max_used=28673Kb, free=221487Kb
 total_blobs=9908, nmethods=9172, adapters=642, full_count=0
Compilation: enabled, stopped_count=0, restarted_count=0

Compilation events (20 events):
Event: 52.719 Thread 0x0000018873fa9c30 11015       3       org.eclipse.jdt.internal.compiler.ast.Annotation::getRetentionPolicy (92 bytes)
Event: 52.720 Thread 0x0000018873fa9c30 nmethod 11015 0x000001885fe7ef10 code [0x000001885fe7f120, 0x000001885fe7f620]
Event: 52.768 Thread 0x0000018873fa9c30 11017       3       org.eclipse.jdt.internal.compiler.classfmt.AnnotationInfo::readRetentionPolicy (302 bytes)
Event: 52.769 Thread 0x0000018873fa8270 nmethod 11009 0x0000018867528f10 code [0x00000188675291e0, 0x000001886752af58]
Event: 52.770 Thread 0x0000018873fa8270 11014   !   4       org.eclipse.jdt.internal.compiler.classfmt.ClassFileReader::<init> (1968 bytes)
Event: 52.770 Thread 0x0000018873fa9c30 nmethod 11017 0x000001885f654e10 code [0x000001885f6550a0, 0x000001885f656080]
Event: 52.789 Thread 0x0000018873fa9c30 11018       3       org.eclipse.jdt.internal.compiler.classfmt.MethodInfo::decodeTypeAnnotations (88 bytes)
Event: 52.790 Thread 0x0000018873fa9c30 nmethod 11018 0x000001885f4ae290 code [0x000001885f4ae480, 0x000001885f4aeaf0]
Event: 52.899 Thread 0x0000018873fa9c30 11019       3       org.eclipse.jdt.internal.compiler.classfmt.MethodInfo::createMethod (710 bytes)
Event: 52.905 Thread 0x0000018873fa9c30 nmethod 11019 0x0000018860337d90 code [0x0000018860338280, 0x000001886033b170]
Event: 52.907 Thread 0x0000018873fa9c30 11021       3       org.eclipse.jdt.internal.compiler.impl.IntConstant::fromValue (213 bytes)
Event: 52.908 Thread 0x0000018873fa9c30 nmethod 11021 0x000001885f593590 code [0x000001885f5937e0, 0x000001885f593f38]
Event: 53.041 Thread 0x0000018873fa9c30 11023  s    3       org.eclipse.jdt.internal.core.search.indexing.IndexManager::computeIndexLocation (116 bytes)
Event: 53.047 Thread 0x0000018873fa9c30 nmethod 11023 0x000001886042f010 code [0x000001886042f520, 0x0000018860431848]
Event: 53.314 Thread 0x0000018873fa9c30 11025       3       org.eclipse.jdt.internal.core.search.indexing.BinaryIndexer::addBinaryRetentionAnnotation (74 bytes)
Event: 53.315 Thread 0x0000018873fa9c30 nmethod 11025 0x000001885f91e610 code [0x000001885f91e8c0, 0x000001885f91f988]
Event: 53.316 Thread 0x0000018873fa9c30 11026       1       org.eclipse.jdt.internal.compiler.classfmt.AnnotationMethodInfoWithAnnotations::getAnnotations (5 bytes)
Event: 53.316 Thread 0x0000018873fa9c30 nmethod 11026 0x000001886752c210 code [0x000001886752c3a0, 0x000001886752c468]
Event: 53.316 Thread 0x0000018873fa9c30 11027       3       org.eclipse.jdt.internal.core.search.indexing.BinaryIndexer::addBinaryTargetAnnotation (349 bytes)
Event: 53.322 Thread 0x0000018873fa9c30 nmethod 11027 0x000001885fff0290 code [0x000001885fff0840, 0x000001885fff41f0]

GC Heap History (20 events):
Event: 53.209 GC heap before
{Heap before GC invocations=515 (full 4):
 PSYoungGen      total 6144K, used 5848K [0x00000000d5580000, 0x00000000d5c80000, 0x0000000100000000)
  eden space 5120K, 99% used [0x00000000d5580000,0x00000000d5a76048,0x00000000d5a80000)
  from space 1024K, 75% used [0x00000000d5a80000,0x00000000d5b40000,0x00000000d5b80000)
  to   space 1024K, 0% used [0x00000000d5b80000,0x00000000d5b80000,0x00000000d5c80000)
 ParOldGen       total 401920K, used 401898K [0x0000000080000000, 0x0000000098880000, 0x00000000d5580000)
  object space 401920K, 99% used [0x0000000080000000,0x000000009887ab30,0x0000000098880000)
 Metaspace       used 59469K, committed 60864K, reserved 1114112K
  class space    used 6398K, committed 6976K, reserved 1048576K
}
Event: 53.212 GC heap after
{Heap after GC invocations=515 (full 4):
 PSYoungGen      total 6144K, used 862K [0x00000000d5580000, 0x00000000d5c80000, 0x0000000100000000)
  eden space 5120K, 0% used [0x00000000d5580000,0x00000000d5580000,0x00000000d5a80000)
  from space 1024K, 84% used [0x00000000d5b80000,0x00000000d5c57be0,0x00000000d5c80000)
  to   space 1024K, 0% used [0x00000000d5a80000,0x00000000d5a80000,0x00000000d5b80000)
 ParOldGen       total 402944K, used 402522K [0x0000000080000000, 0x0000000098980000, 0x00000000d5580000)
  object space 402944K, 99% used [0x0000000080000000,0x0000000098916b30,0x0000000098980000)
 Metaspace       used 59469K, committed 60864K, reserved 1114112K
  class space    used 6398K, committed 6976K, reserved 1048576K
}
Event: 53.242 GC heap before
{Heap before GC invocations=516 (full 4):
 PSYoungGen      total 6144K, used 5982K [0x00000000d5580000, 0x00000000d5c80000, 0x0000000100000000)
  eden space 5120K, 100% used [0x00000000d5580000,0x00000000d5a80000,0x00000000d5a80000)
  from space 1024K, 84% used [0x00000000d5b80000,0x00000000d5c57be0,0x00000000d5c80000)
  to   space 1024K, 0% used [0x00000000d5a80000,0x00000000d5a80000,0x00000000d5b80000)
 ParOldGen       total 402944K, used 402522K [0x0000000080000000, 0x0000000098980000, 0x00000000d5580000)
  object space 402944K, 99% used [0x0000000080000000,0x0000000098916b30,0x0000000098980000)
 Metaspace       used 59469K, committed 60864K, reserved 1114112K
  class space    used 6398K, committed 6976K, reserved 1048576K
}
Event: 53.245 GC heap after
{Heap after GC invocations=516 (full 4):
 PSYoungGen      total 6144K, used 748K [0x00000000d5580000, 0x00000000d5c80000, 0x0000000100000000)
  eden space 5120K, 0% used [0x00000000d5580000,0x00000000d5580000,0x00000000d5a80000)
  from space 1024K, 73% used [0x00000000d5a80000,0x00000000d5b3b008,0x00000000d5b80000)
  to   space 1024K, 0% used [0x00000000d5b80000,0x00000000d5b80000,0x00000000d5c80000)
 ParOldGen       total 403456K, used 403162K [0x0000000080000000, 0x0000000098a00000, 0x00000000d5580000)
  object space 403456K, 99% used [0x0000000080000000,0x00000000989b6b30,0x0000000098a00000)
 Metaspace       used 59469K, committed 60864K, reserved 1114112K
  class space    used 6398K, committed 6976K, reserved 1048576K
}
Event: 53.274 GC heap before
{Heap before GC invocations=517 (full 4):
 PSYoungGen      total 6144K, used 5868K [0x00000000d5580000, 0x00000000d5c80000, 0x0000000100000000)
  eden space 5120K, 100% used [0x00000000d5580000,0x00000000d5a80000,0x00000000d5a80000)
  from space 1024K, 73% used [0x00000000d5a80000,0x00000000d5b3b008,0x00000000d5b80000)
  to   space 1024K, 0% used [0x00000000d5b80000,0x00000000d5b80000,0x00000000d5c80000)
 ParOldGen       total 403456K, used 403162K [0x0000000080000000, 0x0000000098a00000, 0x00000000d5580000)
  object space 403456K, 99% used [0x0000000080000000,0x00000000989b6b30,0x0000000098a00000)
 Metaspace       used 59469K, committed 60864K, reserved 1114112K
  class space    used 6398K, committed 6976K, reserved 1048576K
}
Event: 53.277 GC heap after
{Heap after GC invocations=517 (full 4):
 PSYoungGen      total 6144K, used 704K [0x00000000d5580000, 0x00000000d5c80000, 0x0000000100000000)
  eden space 5120K, 0% used [0x00000000d5580000,0x00000000d5580000,0x00000000d5a80000)
  from space 1024K, 68% used [0x00000000d5b80000,0x00000000d5c30000,0x00000000d5c80000)
  to   space 1024K, 0% used [0x00000000d5a80000,0x00000000d5a80000,0x00000000d5b80000)
 ParOldGen       total 403968K, used 403846K [0x0000000080000000, 0x0000000098a80000, 0x00000000d5580000)
  object space 403968K, 99% used [0x0000000080000000,0x0000000098a61b38,0x0000000098a80000)
 Metaspace       used 59469K, committed 60864K, reserved 1114112K
  class space    used 6398K, committed 6976K, reserved 1048576K
}
Event: 53.310 GC heap before
{Heap before GC invocations=518 (full 4):
 PSYoungGen      total 6144K, used 5820K [0x00000000d5580000, 0x00000000d5c80000, 0x0000000100000000)
  eden space 5120K, 99% used [0x00000000d5580000,0x00000000d5a7f368,0x00000000d5a80000)
  from space 1024K, 68% used [0x00000000d5b80000,0x00000000d5c30000,0x00000000d5c80000)
  to   space 1024K, 0% used [0x00000000d5a80000,0x00000000d5a80000,0x00000000d5b80000)
 ParOldGen       total 403968K, used 403846K [0x0000000080000000, 0x0000000098a80000, 0x00000000d5580000)
  object space 403968K, 99% used [0x0000000080000000,0x0000000098a61b38,0x0000000098a80000)
 Metaspace       used 59469K, committed 60864K, reserved 1114112K
  class space    used 6398K, committed 6976K, reserved 1048576K
}
Event: 53.313 GC heap after
{Heap after GC invocations=518 (full 4):
 PSYoungGen      total 6144K, used 704K [0x00000000d5580000, 0x00000000d5c80000, 0x0000000100000000)
  eden space 5120K, 0% used [0x00000000d5580000,0x00000000d5580000,0x00000000d5a80000)
  from space 1024K, 68% used [0x00000000d5a80000,0x00000000d5b30000,0x00000000d5b80000)
  to   space 1024K, 0% used [0x00000000d5b80000,0x00000000d5b80000,0x00000000d5c80000)
 ParOldGen       total 404480K, used 404390K [0x0000000080000000, 0x0000000098b00000, 0x00000000d5580000)
  object space 404480K, 99% used [0x0000000080000000,0x0000000098ae9b38,0x0000000098b00000)
 Metaspace       used 59469K, committed 60864K, reserved 1114112K
  class space    used 6398K, committed 6976K, reserved 1048576K
}
Event: 53.348 GC heap before
{Heap before GC invocations=519 (full 4):
 PSYoungGen      total 6144K, used 5824K [0x00000000d5580000, 0x00000000d5c80000, 0x0000000100000000)
  eden space 5120K, 100% used [0x00000000d5580000,0x00000000d5a80000,0x00000000d5a80000)
  from space 1024K, 68% used [0x00000000d5a80000,0x00000000d5b30000,0x00000000d5b80000)
  to   space 1024K, 0% used [0x00000000d5b80000,0x00000000d5b80000,0x00000000d5c80000)
 ParOldGen       total 404480K, used 404390K [0x0000000080000000, 0x0000000098b00000, 0x00000000d5580000)
  object space 404480K, 99% used [0x0000000080000000,0x0000000098ae9b38,0x0000000098b00000)
 Metaspace       used 59469K, committed 60864K, reserved 1114112K
  class space    used 6398K, committed 6976K, reserved 1048576K
}
Event: 53.351 GC heap after
{Heap after GC invocations=519 (full 4):
 PSYoungGen      total 6144K, used 736K [0x00000000d5580000, 0x00000000d5c80000, 0x0000000100000000)
  eden space 5120K, 0% used [0x00000000d5580000,0x00000000d5580000,0x00000000d5a80000)
  from space 1024K, 71% used [0x00000000d5b80000,0x00000000d5c38000,0x00000000d5c80000)
  to   space 1024K, 0% used [0x00000000d5a80000,0x00000000d5a80000,0x00000000d5b80000)
 ParOldGen       total 404992K, used 404964K [0x0000000080000000, 0x0000000098b80000, 0x00000000d5580000)
  object space 404992K, 99% used [0x0000000080000000,0x0000000098b79148,0x0000000098b80000)
 Metaspace       used 59469K, committed 60864K, reserved 1114112K
  class space    used 6398K, committed 6976K, reserved 1048576K
}
Event: 53.387 GC heap before
{Heap before GC invocations=520 (full 4):
 PSYoungGen      total 6144K, used 5856K [0x00000000d5580000, 0x00000000d5c80000, 0x0000000100000000)
  eden space 5120K, 100% used [0x00000000d5580000,0x00000000d5a80000,0x00000000d5a80000)
  from space 1024K, 71% used [0x00000000d5b80000,0x00000000d5c38000,0x00000000d5c80000)
  to   space 1024K, 0% used [0x00000000d5a80000,0x00000000d5a80000,0x00000000d5b80000)
 ParOldGen       total 404992K, used 404964K [0x0000000080000000, 0x0000000098b80000, 0x00000000d5580000)
  object space 404992K, 99% used [0x0000000080000000,0x0000000098b79148,0x0000000098b80000)
 Metaspace       used 59469K, committed 60864K, reserved 1114112K
  class space    used 6398K, committed 6976K, reserved 1048576K
}
Event: 53.390 GC heap after
{Heap after GC invocations=520 (full 4):
 PSYoungGen      total 6144K, used 832K [0x00000000d5580000, 0x00000000d5c80000, 0x0000000100000000)
  eden space 5120K, 0% used [0x00000000d5580000,0x00000000d5580000,0x00000000d5a80000)
  from space 1024K, 81% used [0x00000000d5a80000,0x00000000d5b50000,0x00000000d5b80000)
  to   space 1024K, 0% used [0x00000000d5b80000,0x00000000d5b80000,0x00000000d5c80000)
 ParOldGen       total 406016K, used 405548K [0x0000000080000000, 0x0000000098c80000, 0x00000000d5580000)
  object space 406016K, 99% used [0x0000000080000000,0x0000000098c0b148,0x0000000098c80000)
 Metaspace       used 59469K, committed 60864K, reserved 1114112K
  class space    used 6398K, committed 6976K, reserved 1048576K
}
Event: 53.429 GC heap before
{Heap before GC invocations=521 (full 4):
 PSYoungGen      total 6144K, used 5952K [0x00000000d5580000, 0x00000000d5c80000, 0x0000000100000000)
  eden space 5120K, 100% used [0x00000000d5580000,0x00000000d5a80000,0x00000000d5a80000)
  from space 1024K, 81% used [0x00000000d5a80000,0x00000000d5b50000,0x00000000d5b80000)
  to   space 1024K, 0% used [0x00000000d5b80000,0x00000000d5b80000,0x00000000d5c80000)
 ParOldGen       total 406016K, used 405548K [0x0000000080000000, 0x0000000098c80000, 0x00000000d5580000)
  object space 406016K, 99% used [0x0000000080000000,0x0000000098c0b148,0x0000000098c80000)
 Metaspace       used 59469K, committed 60864K, reserved 1114112K
  class space    used 6398K, committed 6976K, reserved 1048576K
}
Event: 53.433 GC heap after
{Heap after GC invocations=521 (full 4):
 PSYoungGen      total 6144K, used 888K [0x00000000d5580000, 0x00000000d5c80000, 0x0000000100000000)
  eden space 5120K, 0% used [0x00000000d5580000,0x00000000d5580000,0x00000000d5a80000)
  from space 1024K, 86% used [0x00000000d5b80000,0x00000000d5c5e008,0x00000000d5c80000)
  to   space 1024K, 0% used [0x00000000d5a80000,0x00000000d5a80000,0x00000000d5b80000)
 ParOldGen       total 406528K, used 406204K [0x0000000080000000, 0x0000000098d00000, 0x00000000d5580000)
  object space 406528K, 99% used [0x0000000080000000,0x0000000098caf148,0x0000000098d00000)
 Metaspace       used 59469K, committed 60864K, reserved 1114112K
  class space    used 6398K, committed 6976K, reserved 1048576K
}
Event: 53.467 GC heap before
{Heap before GC invocations=522 (full 4):
 PSYoungGen      total 6144K, used 6008K [0x00000000d5580000, 0x00000000d5c80000, 0x0000000100000000)
  eden space 5120K, 100% used [0x00000000d5580000,0x00000000d5a80000,0x00000000d5a80000)
  from space 1024K, 86% used [0x00000000d5b80000,0x00000000d5c5e008,0x00000000d5c80000)
  to   space 1024K, 0% used [0x00000000d5a80000,0x00000000d5a80000,0x00000000d5b80000)
 ParOldGen       total 406528K, used 406204K [0x0000000080000000, 0x0000000098d00000, 0x00000000d5580000)
  object space 406528K, 99% used [0x0000000080000000,0x0000000098caf148,0x0000000098d00000)
 Metaspace       used 59469K, committed 60864K, reserved 1114112K
  class space    used 6398K, committed 6976K, reserved 1048576K
}
Event: 53.469 GC heap after
{Heap after GC invocations=522 (full 4):
 PSYoungGen      total 6144K, used 800K [0x00000000d5580000, 0x00000000d5c80000, 0x0000000100000000)
  eden space 5120K, 0% used [0x00000000d5580000,0x00000000d5580000,0x00000000d5a80000)
  from space 1024K, 78% used [0x00000000d5a80000,0x00000000d5b48000,0x00000000d5b80000)
  to   space 1024K, 0% used [0x00000000d5b80000,0x00000000d5b80000,0x00000000d5c80000)
 ParOldGen       total 407040K, used 406940K [0x0000000080000000, 0x0000000098d80000, 0x00000000d5580000)
  object space 407040K, 99% used [0x0000000080000000,0x0000000098d67150,0x0000000098d80000)
 Metaspace       used 59469K, committed 60864K, reserved 1114112K
  class space    used 6398K, committed 6976K, reserved 1048576K
}
Event: 53.501 GC heap before
{Heap before GC invocations=523 (full 4):
 PSYoungGen      total 6144K, used 5920K [0x00000000d5580000, 0x00000000d5c80000, 0x0000000100000000)
  eden space 5120K, 100% used [0x00000000d5580000,0x00000000d5a80000,0x00000000d5a80000)
  from space 1024K, 78% used [0x00000000d5a80000,0x00000000d5b48000,0x00000000d5b80000)
  to   space 1024K, 0% used [0x00000000d5b80000,0x00000000d5b80000,0x00000000d5c80000)
 ParOldGen       total 407040K, used 406940K [0x0000000080000000, 0x0000000098d80000, 0x00000000d5580000)
  object space 407040K, 99% used [0x0000000080000000,0x0000000098d67150,0x0000000098d80000)
 Metaspace       used 59469K, committed 60864K, reserved 1114112K
  class space    used 6398K, committed 6976K, reserved 1048576K
}
Event: 53.504 GC heap after
{Heap after GC invocations=523 (full 4):
 PSYoungGen      total 6144K, used 800K [0x00000000d5580000, 0x00000000d5c80000, 0x0000000100000000)
  eden space 5120K, 0% used [0x00000000d5580000,0x00000000d5580000,0x00000000d5a80000)
  from space 1024K, 78% used [0x00000000d5b80000,0x00000000d5c48000,0x00000000d5c80000)
  to   space 1024K, 0% used [0x00000000d5a80000,0x00000000d5a80000,0x00000000d5b80000)
 ParOldGen       total 407552K, used 407540K [0x0000000080000000, 0x0000000098e00000, 0x00000000d5580000)
  object space 407552K, 99% used [0x0000000080000000,0x0000000098dfd150,0x0000000098e00000)
 Metaspace       used 59469K, committed 60864K, reserved 1114112K
  class space    used 6398K, committed 6976K, reserved 1048576K
}
Event: 53.532 GC heap before
{Heap before GC invocations=524 (full 4):
 PSYoungGen      total 6144K, used 5920K [0x00000000d5580000, 0x00000000d5c80000, 0x0000000100000000)
  eden space 5120K, 100% used [0x00000000d5580000,0x00000000d5a80000,0x00000000d5a80000)
  from space 1024K, 78% used [0x00000000d5b80000,0x00000000d5c48000,0x00000000d5c80000)
  to   space 1024K, 0% used [0x00000000d5a80000,0x00000000d5a80000,0x00000000d5b80000)
 ParOldGen       total 407552K, used 407540K [0x0000000080000000, 0x0000000098e00000, 0x00000000d5580000)
  object space 407552K, 99% used [0x0000000080000000,0x0000000098dfd150,0x0000000098e00000)
 Metaspace       used 59469K, committed 60864K, reserved 1114112K
  class space    used 6398K, committed 6976K, reserved 1048576K
}
Event: 53.537 GC heap after
{Heap after GC invocations=524 (full 4):
 PSYoungGen      total 6144K, used 672K [0x00000000d5580000, 0x00000000d5c80000, 0x0000000100000000)
  eden space 5120K, 0% used [0x00000000d5580000,0x00000000d5580000,0x00000000d5a80000)
  from space 1024K, 65% used [0x00000000d5a80000,0x00000000d5b28000,0x00000000d5b80000)
  to   space 1024K, 0% used [0x00000000d5b80000,0x00000000d5b80000,0x00000000d5c80000)
 ParOldGen       total 408576K, used 408172K [0x0000000080000000, 0x0000000098f00000, 0x00000000d5580000)
  object space 408576K, 99% used [0x0000000080000000,0x0000000098e9b150,0x0000000098f00000)
 Metaspace       used 59469K, committed 60864K, reserved 1114112K
  class space    used 6398K, committed 6976K, reserved 1048576K
}

Dll operation events (10 events):
Event: 0.017 Loaded shared library c:\Users\ASUS\.vscode\extensions\redhat.java-1.55.0-win32-x64\jre\21.0.11-win32-x86_64\bin\java.dll
Event: 0.130 Loaded shared library c:\Users\ASUS\.vscode\extensions\redhat.java-1.55.0-win32-x64\jre\21.0.11-win32-x86_64\bin\zip.dll
Event: 0.197 Loaded shared library C:\Users\ASUS\.vscode\extensions\redhat.java-1.55.0-win32-x64\jre\21.0.11-win32-x86_64\bin\instrument.dll
Event: 0.213 Loaded shared library C:\Users\ASUS\.vscode\extensions\redhat.java-1.55.0-win32-x64\jre\21.0.11-win32-x86_64\bin\net.dll
Event: 0.221 Loaded shared library C:\Users\ASUS\.vscode\extensions\redhat.java-1.55.0-win32-x64\jre\21.0.11-win32-x86_64\bin\nio.dll
Event: 0.231 Loaded shared library C:\Users\ASUS\.vscode\extensions\redhat.java-1.55.0-win32-x64\jre\21.0.11-win32-x86_64\bin\zip.dll
Event: 0.276 Loaded shared library C:\Users\ASUS\.vscode\extensions\redhat.java-1.55.0-win32-x64\jre\21.0.11-win32-x86_64\bin\jimage.dll
Event: 0.501 Loaded shared library c:\Users\ASUS\.vscode\extensions\redhat.java-1.55.0-win32-x64\jre\21.0.11-win32-x86_64\bin\verify.dll
Event: 4.279 Loaded shared library C:\Users\ASUS\AppData\Roaming\Code\User\globalStorage\redhat.java\1.55.0\config_win\org.eclipse.equinox.launcher\org.eclipse.equinox.launcher.win32.win32.x86_64_1.3.100.v20260613-0559\eclipse_11924.dll
Event: 16.138 Loaded shared library C:\Users\ASUS\AppData\Local\Temp\jna-2018896\jna4060222892755311624.dll

Deoptimization events (20 events):
Event: 53.299 Thread 0x000001887ac5fd90 DEOPT PACKING pc=0x000001885ff475a2 sp=0x0000004c6b5ff070
Event: 53.299 Thread 0x000001887ac5fd90 DEOPT UNPACKING pc=0x00000188668a4242 sp=0x0000004c6b5fe5e8 mode 0
Event: 53.327 Thread 0x000001887ac5fd90 DEOPT PACKING pc=0x000001885ff475a2 sp=0x0000004c6b5ff070
Event: 53.327 Thread 0x000001887ac5fd90 DEOPT UNPACKING pc=0x00000188668a4242 sp=0x0000004c6b5fe5e8 mode 0
Event: 53.360 Thread 0x000001887ac5fd90 DEOPT PACKING pc=0x000001885ff475a2 sp=0x0000004c6b5ff070
Event: 53.361 Thread 0x000001887ac5fd90 DEOPT UNPACKING pc=0x00000188668a4242 sp=0x0000004c6b5fe5e8 mode 0
Event: 53.385 Thread 0x000001887ac5fd90 DEOPT PACKING pc=0x000001885ff475a2 sp=0x0000004c6b5ff070
Event: 53.385 Thread 0x000001887ac5fd90 DEOPT UNPACKING pc=0x00000188668a4242 sp=0x0000004c6b5fe5e8 mode 0
Event: 53.410 Thread 0x000001887ac5fd90 DEOPT PACKING pc=0x000001885ff475a2 sp=0x0000004c6b5ff070
Event: 53.410 Thread 0x000001887ac5fd90 DEOPT UNPACKING pc=0x00000188668a4242 sp=0x0000004c6b5fe5e8 mode 0
Event: 53.441 Thread 0x000001887ac5fd90 DEOPT PACKING pc=0x000001885ff475a2 sp=0x0000004c6b5ff070
Event: 53.441 Thread 0x000001887ac5fd90 DEOPT UNPACKING pc=0x00000188668a4242 sp=0x0000004c6b5fe5e8 mode 0
Event: 53.463 Thread 0x000001887ac5fd90 DEOPT PACKING pc=0x000001885ff475a2 sp=0x0000004c6b5ff070
Event: 53.463 Thread 0x000001887ac5fd90 DEOPT UNPACKING pc=0x00000188668a4242 sp=0x0000004c6b5fe5e8 mode 0
Event: 53.486 Thread 0x000001887ac5fd90 DEOPT PACKING pc=0x000001885ff475a2 sp=0x0000004c6b5ff070
Event: 53.486 Thread 0x000001887ac5fd90 DEOPT UNPACKING pc=0x00000188668a4242 sp=0x0000004c6b5fe5e8 mode 0
Event: 53.530 Thread 0x000001887ac5fd90 DEOPT PACKING pc=0x000001885ff475a2 sp=0x0000004c6b5ff070
Event: 53.530 Thread 0x000001887ac5fd90 DEOPT UNPACKING pc=0x00000188668a4242 sp=0x0000004c6b5fe5e8 mode 0
Event: 53.551 Thread 0x000001887ac5fd90 DEOPT PACKING pc=0x000001885ff475a2 sp=0x0000004c6b5ff070
Event: 53.551 Thread 0x000001887ac5fd90 DEOPT UNPACKING pc=0x00000188668a4242 sp=0x0000004c6b5fe5e8 mode 0

Classes loaded (20 events):
Event: 41.051 Loading class java/util/concurrent/CompletionException
Event: 41.052 Loading class java/util/concurrent/CompletionException done
Event: 41.065 Loading class java/nio/file/FileTreeWalker$1
Event: 41.065 Loading class java/nio/file/FileTreeWalker$1 done
Event: 41.066 Loading class sun/nio/fs/Globs
Event: 41.067 Loading class sun/nio/fs/Globs done
Event: 41.067 Loading class java/util/regex/Pattern$SliceU
Event: 41.071 Loading class java/util/regex/Pattern$SliceU done
Event: 41.071 Loading class sun/nio/fs/WindowsFileSystem$2
Event: 41.071 Loading class java/nio/file/PathMatcher
Event: 41.071 Loading class java/nio/file/PathMatcher done
Event: 41.071 Loading class sun/nio/fs/WindowsFileSystem$2 done
Event: 41.263 Loading class java/util/Collections$SynchronizedRandomAccessList
Event: 41.264 Loading class java/util/Collections$SynchronizedList
Event: 41.265 Loading class java/util/Collections$SynchronizedList done
Event: 41.265 Loading class java/util/Collections$SynchronizedRandomAccessList done
Event: 41.343 Loading class java/util/concurrent/CompletableFuture$Signaller
Event: 41.344 Loading class java/util/concurrent/CompletableFuture$Signaller done
Event: 48.648 Loading class sun/nio/fs/WindowsFileCopy
Event: 48.649 Loading class sun/nio/fs/WindowsFileCopy done

Classes unloaded (8 events):
Event: 18.543 Thread 0x0000018873fa4ba0 Unloading class 0x00000188011a9000 'java/lang/invoke/LambdaForm$MH+0x00000188011a9000'
Event: 18.543 Thread 0x0000018873fa4ba0 Unloading class 0x00000188011a8c00 'java/lang/invoke/LambdaForm$MH+0x00000188011a8c00'
Event: 18.543 Thread 0x0000018873fa4ba0 Unloading class 0x00000188011a8800 'java/lang/invoke/LambdaForm$MH+0x00000188011a8800'
Event: 18.543 Thread 0x0000018873fa4ba0 Unloading class 0x00000188011a8400 'java/lang/invoke/LambdaForm$MH+0x00000188011a8400'
Event: 18.543 Thread 0x0000018873fa4ba0 Unloading class 0x00000188011a8000 'java/lang/invoke/LambdaForm$BMH+0x00000188011a8000'
Event: 18.543 Thread 0x0000018873fa4ba0 Unloading class 0x00000188011a7c00 'java/lang/invoke/LambdaForm$DMH+0x00000188011a7c00'
Event: 18.544 Thread 0x0000018873fa4ba0 Unloading class 0x00000188011a6800 'java/lang/invoke/LambdaForm$DMH+0x00000188011a6800'
Event: 40.539 Thread 0x0000018873fa4ba0 Unloading class 0x0000018801670800 'java/lang/invoke/LambdaForm$DMH+0x0000018801670800'

Classes redefined (0 events):
No events

Internal exceptions (20 events):
Event: 49.124 Thread 0x000001887ac5fd90 Exception <a 'sun/nio/fs/WindowsException'{0x00000000d5765998}> (0x00000000d5765998) 
thrown [s\src\hotspot\share\prims\jni.cpp, line 520]
Event: 49.281 Thread 0x000001887ac5fd90 Exception <a 'sun/nio/fs/WindowsException'{0x00000000d572ead8}> (0x00000000d572ead8) 
thrown [s\src\hotspot\share\prims\jni.cpp, line 520]
Event: 49.318 Thread 0x000001887ac5fd90 Exception <a 'sun/nio/fs/WindowsException'{0x00000000d57592b8}> (0x00000000d57592b8) 
thrown [s\src\hotspot\share\prims\jni.cpp, line 520]
Event: 49.515 Thread 0x000001887ac5fd90 Exception <a 'sun/nio/fs/WindowsException'{0x00000000d56e1048}> (0x00000000d56e1048) 
thrown [s\src\hotspot\share\prims\jni.cpp, line 520]
Event: 49.572 Thread 0x000001887ac5fd90 Exception <a 'sun/nio/fs/WindowsException'{0x00000000d5779f18}> (0x00000000d5779f18) 
thrown [s\src\hotspot\share\prims\jni.cpp, line 520]
Event: 49.784 Thread 0x000001887ac5fd90 Exception <a 'sun/nio/fs/WindowsException'{0x00000000d56e4cc0}> (0x00000000d56e4cc0) 
thrown [s\src\hotspot\share\prims\jni.cpp, line 520]
Event: 49.829 Thread 0x000001887ac5fd90 Exception <a 'sun/nio/fs/WindowsException'{0x00000000d56fdb10}> (0x00000000d56fdb10) 
thrown [s\src\hotspot\share\prims\jni.cpp, line 520]
Event: 49.914 Thread 0x000001887ac5fd90 Exception <a 'sun/nio/fs/WindowsException'{0x00000000d5617c50}> (0x00000000d5617c50) 
thrown [s\src\hotspot\share\prims\jni.cpp, line 520]
Event: 50.613 Thread 0x000001887ac5fd90 Exception <a 'sun/nio/fs/WindowsException'{0x00000000d5776720}> (0x00000000d5776720) 
thrown [s\src\hotspot\share\prims\jni.cpp, line 520]
Event: 50.699 Thread 0x000001887ac5fd90 Exception <a 'sun/nio/fs/WindowsException'{0x00000000d56f31f8}> (0x00000000d56f31f8) 
thrown [s\src\hotspot\share\prims\jni.cpp, line 520]
Event: 50.898 Thread 0x000001887ac5fd90 Exception <a 'sun/nio/fs/WindowsException'{0x00000000d561c7e0}> (0x00000000d561c7e0) 
thrown [s\src\hotspot\share\prims\jni.cpp, line 520]
Event: 50.941 Thread 0x000001887ac5fd90 Exception <a 'sun/nio/fs/WindowsException'{0x00000000d56339c0}> (0x00000000d56339c0) 
thrown [s\src\hotspot\share\prims\jni.cpp, line 520]
Event: 50.990 Thread 0x000001887ac5fd90 Exception <a 'sun/nio/fs/WindowsException'{0x00000000d5648e98}> (0x00000000d5648e98) 
thrown [s\src\hotspot\share\prims\jni.cpp, line 520]
Event: 51.739 Thread 0x000001887ac5fd90 Exception <a 'sun/nio/fs/WindowsException'{0x00000000d5582e68}> (0x00000000d5582e68) 
thrown [s\src\hotspot\share\prims\jni.cpp, line 520]
Event: 51.833 Thread 0x000001887ac5fd90 Exception <a 'sun/nio/fs/WindowsException'{0x00000000d57a9df0}> (0x00000000d57a9df0) 
thrown [s\src\hotspot\share\prims\jni.cpp, line 520]
Event: 51.971 Thread 0x000001887ac5fd90 Exception <a 'sun/nio/fs/WindowsException'{0x00000000d57af6d0}> (0x00000000d57af6d0) 
thrown [s\src\hotspot\share\prims\jni.cpp, line 520]
Event: 52.055 Thread 0x000001887ac5fd90 Exception <a 'sun/nio/fs/WindowsException'{0x00000000d55b62f0}> (0x00000000d55b62f0) 
thrown [s\src\hotspot\share\prims\jni.cpp, line 520]
Event: 52.124 Thread 0x000001887ac5fd90 Exception <a 'sun/nio/fs/WindowsException'{0x00000000d57f0ef0}> (0x00000000d57f0ef0) 
thrown [s\src\hotspot\share\prims\jni.cpp, line 520]
Event: 52.536 Thread 0x000001887ac5fd90 Exception <a 'sun/nio/fs/WindowsException'{0x00000000d59d0648}> (0x00000000d59d0648) 
thrown [s\src\hotspot\share\prims\jni.cpp, line 520]
Event: 53.039 Thread 0x000001887ac5fd90 Exception <a 'sun/nio/fs/WindowsException'{0x00000000d5751828}> (0x00000000d5751828) 
thrown [s\src\hotspot\share\prims\jni.cpp, line 520]

ZGC Phase Switch (0 events):
No events

VM Operations (20 events):
Event: 53.209 Executing safepoint VM operation: ParallelGCFailedAllocation (Allocation Failure)
Event: 53.212 Executing safepoint VM operation: ParallelGCFailedAllocation (Allocation Failure) done
Event: 53.242 Executing safepoint VM operation: ParallelGCFailedAllocation (Allocation Failure)
Event: 53.245 Executing safepoint VM operation: ParallelGCFailedAllocation (Allocation Failure) done
Event: 53.274 Executing safepoint VM operation: ParallelGCFailedAllocation (Allocation Failure)
Event: 53.277 Executing safepoint VM operation: ParallelGCFailedAllocation (Allocation Failure) done
Event: 53.310 Executing safepoint VM operation: ParallelGCFailedAllocation (Allocation Failure)
Event: 53.313 Executing safepoint VM operation: ParallelGCFailedAllocation (Allocation Failure) done
Event: 53.348 Executing safepoint VM operation: ParallelGCFailedAllocation (Allocation Failure)
Event: 53.351 Executing safepoint VM operation: ParallelGCFailedAllocation (Allocation Failure) done
Event: 53.387 Executing safepoint VM operation: ParallelGCFailedAllocation (Allocation Failure)
Event: 53.390 Executing safepoint VM operation: ParallelGCFailedAllocation (Allocation Failure) done
Event: 53.429 Executing safepoint VM operation: ParallelGCFailedAllocation (Allocation Failure)
Event: 53.433 Executing safepoint VM operation: ParallelGCFailedAllocation (Allocation Failure) done
Event: 53.467 Executing safepoint VM operation: ParallelGCFailedAllocation (Allocation Failure)
Event: 53.470 Executing safepoint VM operation: ParallelGCFailedAllocation (Allocation Failure) done
Event: 53.501 Executing safepoint VM operation: ParallelGCFailedAllocation (Allocation Failure)
Event: 53.504 Executing safepoint VM operation: ParallelGCFailedAllocation (Allocation Failure) done
Event: 53.532 Executing safepoint VM operation: ParallelGCFailedAllocation (Allocation Failure)
Event: 53.537 Executing safepoint VM operation: ParallelGCFailedAllocation (Allocation Failure) done

Memory protections (0 events):
No events

Nmethod flushes (20 events):
Event: 47.275 Thread 0x0000018873fa4ba0 flushing  nmethod 0x0000018860611610
Event: 47.275 Thread 0x0000018873fa4ba0 flushing  nmethod 0x0000018860611b10
Event: 47.275 Thread 0x0000018873fa4ba0 flushing  nmethod 0x000001886062ae90
Event: 47.275 Thread 0x0000018873fa4ba0 flushing  nmethod 0x0000018860680910
Event: 47.275 Thread 0x0000018873fa4ba0 flushing  nmethod 0x0000018860682710
Event: 47.275 Thread 0x0000018873fa4ba0 flushing  nmethod 0x0000018860682d90
Event: 47.275 Thread 0x0000018873fa4ba0 flushing  nmethod 0x0000018860683590
Event: 47.275 Thread 0x0000018873fa4ba0 flushing  nmethod 0x0000018860685d90
Event: 47.275 Thread 0x0000018873fa4ba0 flushing  nmethod 0x0000018860686590
Event: 47.275 Thread 0x0000018873fa4ba0 flushing  nmethod 0x00000188606ab790
Event: 47.275 Thread 0x0000018873fa4ba0 flushing  nmethod 0x00000188606abf90
Event: 47.275 Thread 0x0000018873fa4ba0 flushing  nmethod 0x00000188606ac390
Event: 47.275 Thread 0x0000018873fa4ba0 flushing  nmethod 0x00000188606ad210
Event: 47.275 Thread 0x0000018873fa4ba0 flushing  nmethod 0x00000188606adb90
Event: 47.275 Thread 0x0000018873fa4ba0 flushing  nmethod 0x00000188606adf10
Event: 47.275 Thread 0x0000018873fa4ba0 flushing  nmethod 0x00000188606ae510
Event: 47.275 Thread 0x0000018873fa4ba0 flushing  nmethod 0x00000188606be510
Event: 47.275 Thread 0x0000018873fa4ba0 flushing  nmethod 0x00000188606be890
Event: 47.275 Thread 0x0000018873fa4ba0 flushing  nmethod 0x00000188606d6f90
Event: 47.275 Thread 0x0000018873fa4ba0 flushing  nmethod 0x0000018860718290

Events (20 events):
Event: 39.662 Thread 0x000001887ac60420 Thread added: 0x000001887bffaa00
Event: 39.663 Thread 0x000001887ac60420 Thread added: 0x000001887bff8930
Event: 39.663 Thread 0x000001887ac60420 Thread added: 0x000001887bffb720
Event: 39.733 Thread 0x000001887bffb720 Thread exited: 0x000001887bffb720
Event: 39.733 Thread 0x000001887bff6ef0 Thread exited: 0x000001887bff6ef0
Event: 39.733 Thread 0x000001887bff8930 Thread exited: 0x000001887bff8930
Event: 39.733 Thread 0x000001887bffaa00 Thread exited: 0x000001887bffaa00
Event: 39.733 Thread 0x000001887bff7c10 Thread exited: 0x000001887bff7c10
Event: 40.983 Thread 0x000001887d342890 Thread added: 0x000001887bff7c10
Event: 41.193 Thread 0x000001887bff7c10 Thread exited: 0x000001887bff7c10
Event: 42.320 Thread 0x000001887b62b770 Thread exited: 0x000001887b62b770
Event: 42.471 Thread 0x000001887b629560 Thread exited: 0x000001887b629560
Event: 42.480 Thread 0x000001887b62cbe0 Thread exited: 0x000001887b62cbe0
Event: 43.683 Thread 0x000001887b62a300 Thread exited: 0x000001887b62a300
Event: 43.833 Thread 0x000001887b629c30 Thread exited: 0x000001887b629c30
Event: 44.674 Thread 0x000001887b62c510 Thread exited: 0x000001887b62c510
Event: 47.865 Thread 0x0000018873fa8270 Thread added: 0x000001887c3824c0
Event: 48.133 Thread 0x000001887c3824c0 Thread exited: 0x000001887c3824c0
Event: 48.769 Thread 0x0000018873fa9c30 Thread added: 0x000001887c383260
Event: 52.300 Thread 0x000001887c383260 Thread exited: 0x000001887c383260


Dynamic libraries:
0x00007ff640bf0000 - 0x00007ff640bfe000 	c:\Users\ASUS\.vscode\extensions\redhat.java-1.55.0-win32-x64\jre\21.0.11-win32-x86_64\bin\java.exe
0x00007ffed9100000 - 0x00007ffed9366000 	C:\WINDOWS\SYSTEM32\ntdll.dll
0x00007ffed7c10000 - 0x00007ffed7cd9000 	C:\WINDOWS\System32\KERNEL32.DLL
0x00007ffed6560000 - 0x00007ffed695a000 	C:\WINDOWS\System32\KERNELBASE.dll
0x00007ffed6410000 - 0x00007ffed655c000 	C:\WINDOWS\System32\ucrtbase.dll
0x00007ffed12e0000 - 0x00007ffed12f8000 	c:\Users\ASUS\.vscode\extensions\redhat.java-1.55.0-win32-x64\jre\21.0.11-win32-x86_64\bin\jli.dll
0x00007ffed12c0000 - 0x00007ffed12de000 	c:\Users\ASUS\.vscode\extensions\redhat.java-1.55.0-win32-x64\jre\21.0.11-win32-x86_64\bin\VCRUNTIME140.dll
0x00007ffed8d50000 - 0x00007ffed8f17000 	C:\WINDOWS\System32\USER32.dll
0x00007ffed6e10000 - 0x00007ffed6e37000 	C:\WINDOWS\System32\win32u.dll
0x00007ffeba4e0000 - 0x00007ffeba772000 	C:\WINDOWS\WinSxS\amd64_microsoft.windows.common-controls_6595b64144ccf1df_6.0.26100.8521_none_3e08b75ce33403b3\COMCTL32.dll
0x00007ffed6f50000 - 0x00007ffed6ff9000 	C:\WINDOWS\System32\msvcrt.dll
0x00007ffed7000000 - 0x00007ffed702b000 	C:\WINDOWS\System32\GDI32.dll
0x00007ffed6ce0000 - 0x00007ffed6e0b000 	C:\WINDOWS\System32\gdi32full.dll
0x00007ffed6360000 - 0x00007ffed6403000 	C:\WINDOWS\System32\msvcp_win.dll
0x00007ffed8490000 - 0x00007ffed84c2000 	C:\WINDOWS\System32\IMM32.DLL
0x00007ffed3060000 - 0x00007ffed306c000 	c:\Users\ASUS\.vscode\extensions\redhat.java-1.55.0-win32-x64\jre\21.0.11-win32-x86_64\bin\vcruntime140_1.dll
0x00007ffebcf50000 - 0x00007ffebcfdd000 	c:\Users\ASUS\.vscode\extensions\redhat.java-1.55.0-win32-x64\jre\21.0.11-win32-x86_64\bin\msvcp140.dll
0x00007ffe432d0000 - 0x00007ffe44072000 	c:\Users\ASUS\.vscode\extensions\redhat.java-1.55.0-win32-x64\jre\21.0.11-win32-x86_64\bin\server\jvm.dll
0x00007ffed8c90000 - 0x00007ffed8d46000 	C:\WINDOWS\System32\ADVAPI32.dll
0x00007ffed84d0000 - 0x00007ffed857a000 	C:\WINDOWS\System32\sechost.dll
0x00007ffed8580000 - 0x00007ffed8698000 	C:\WINDOWS\System32\RPCRT4.dll
0x00007ffed70c0000 - 0x00007ffed7140000 	C:\WINDOWS\System32\WS2_32.dll
0x00007ffed61c0000 - 0x00007ffed621e000 	C:\WINDOWS\SYSTEM32\POWRPROF.dll
0x00007ffecec50000 - 0x00007ffecec5b000 	C:\WINDOWS\SYSTEM32\VERSION.dll
0x00007ffec9080000 - 0x00007ffec90b6000 	C:\WINDOWS\SYSTEM32\WINMM.dll
0x00007ffed61a0000 - 0x00007ffed61b4000 	C:\WINDOWS\SYSTEM32\UMPDC.dll
0x00007ffed50b0000 - 0x00007ffed50cb000 	C:\WINDOWS\SYSTEM32\kernel.appcore.dll
0x00007ffecec20000 - 0x00007ffecec2a000 	c:\Users\ASUS\.vscode\extensions\redhat.java-1.55.0-win32-x64\jre\21.0.11-win32-x86_64\bin\jimage.dll
0x00007ffec79c0000 - 0x00007ffec7c02000 	C:\WINDOWS\SYSTEM32\DBGHELP.DLL
0x00007ffed7330000 - 0x00007ffed76b3000 	C:\WINDOWS\System32\combase.dll
0x00007ffed86a0000 - 0x00007ffed8779000 	C:\WINDOWS\System32\OLEAUT32.dll
0x00007ffeb77d0000 - 0x00007ffeb780b000 	C:\WINDOWS\SYSTEM32\dbgcore.DLL
0x00007ffed6c30000 - 0x00007ffed6cd8000 	C:\WINDOWS\System32\bcryptPrimitives.dll
0x00007ffece520000 - 0x00007ffece52f000 	c:\Users\ASUS\.vscode\extensions\redhat.java-1.55.0-win32-x64\jre\21.0.11-win32-x86_64\bin\instrument.dll
0x00007ffece500000 - 0x00007ffece520000 	c:\Users\ASUS\.vscode\extensions\redhat.java-1.55.0-win32-x64\jre\21.0.11-win32-x86_64\bin\java.dll
0x00007ffed7d00000 - 0x00007ffed8484000 	C:\WINDOWS\System32\SHELL32.dll
0x00007ffed3ed0000 - 0x00007ffed4750000 	C:\WINDOWS\SYSTEM32\windows.storage.dll
0x00007ffed8f20000 - 0x00007ffed9016000 	C:\WINDOWS\System32\SHCORE.dll
0x00007ffed9020000 - 0x00007ffed9087000 	C:\WINDOWS\System32\shlwapi.dll
0x00007ffed6280000 - 0x00007ffed62a9000 	C:\WINDOWS\SYSTEM32\profapi.dll
0x00007ffece4e0000 - 0x00007ffece4f8000 	c:\Users\ASUS\.vscode\extensions\redhat.java-1.55.0-win32-x64\jre\21.0.11-win32-x86_64\bin\zip.dll
0x00007ffece4d0000 - 0x00007ffece4e0000 	C:\Users\ASUS\.vscode\extensions\redhat.java-1.55.0-win32-x64\jre\21.0.11-win32-x86_64\bin\net.dll
0x00007ffecfa60000 - 0x00007ffecfb89000 	C:\WINDOWS\SYSTEM32\WINHTTP.dll
0x00007ffed5600000 - 0x00007ffed566c000 	C:\WINDOWS\system32\mswsock.dll
0x00007ffec96e0000 - 0x00007ffec96f6000 	C:\Users\ASUS\.vscode\extensions\redhat.java-1.55.0-win32-x64\jre\21.0.11-win32-x86_64\bin\nio.dll
0x00007ffece4c0000 - 0x00007ffece4d0000 	c:\Users\ASUS\.vscode\extensions\redhat.java-1.55.0-win32-x64\jre\21.0.11-win32-x86_64\bin\verify.dll
0x00007ffec9340000 - 0x00007ffec9385000 	C:\Users\ASUS\AppData\Roaming\Code\User\globalStorage\redhat.java\1.55.0\config_win\org.eclipse.equinox.launcher\org.eclipse.equinox.launcher.win32.win32.x86_64_1.3.100.v20260613-0559\eclipse_11924.dll
0x00007ffed76d0000 - 0x00007ffed7868000 	C:\WINDOWS\System32\ole32.dll
0x00007ffed5a00000 - 0x00007ffed5a1b000 	C:\WINDOWS\SYSTEM32\CRYPTSP.dll
0x00007ffed5010000 - 0x00007ffed5049000 	C:\WINDOWS\system32\rsaenh.dll
0x00007ffed56b0000 - 0x00007ffed56e3000 	C:\WINDOWS\SYSTEM32\USERENV.dll
0x00007ffed6250000 - 0x00007ffed627a000 	C:\WINDOWS\SYSTEM32\bcrypt.dll
0x00007ffed5860000 - 0x00007ffed586c000 	C:\WINDOWS\SYSTEM32\CRYPTBASE.dll
0x00007ffed4ad0000 - 0x00007ffed4b03000 	C:\WINDOWS\SYSTEM32\IPHLPAPI.DLL
0x00007ffed7150000 - 0x00007ffed715a000 	C:\WINDOWS\System32\NSI.dll
0x00007ffebd0a0000 - 0x00007ffebd0e9000 	C:\Users\ASUS\AppData\Local\Temp\jna-2018896\jna4060222892755311624.dll
0x00007ffed6e40000 - 0x00007ffed6e48000 	C:\WINDOWS\System32\PSAPI.DLL
0x00007ffed0590000 - 0x00007ffed05ad000 	C:\WINDOWS\SYSTEM32\dhcpcsvc6.DLL
0x00007ffed0560000 - 0x00007ffed0585000 	C:\WINDOWS\SYSTEM32\dhcpcsvc.DLL

JVMTI agents:
c:\Users\ASUS\.vscode\extensions\redhat.java-1.55.0-win32-x64\lombok\lombok-1.18.39-4050.jar path:c:\Users\ASUS\.vscode\extensions\redhat.java-1.55.0-win32-x64\jre\21.0.11-win32-x86_64\bin\instrument.dll, loaded, initialized, instrumentlib options:none

dbghelp: loaded successfully - version: 4.0.5 - missing functions: none
symbol engine: initialized successfully - sym options: 0x614 - pdb path: .;c:\Users\ASUS\.vscode\extensions\redhat.java-1.55.0-win32-x64\jre\21.0.11-win32-x86_64\bin;C:\WINDOWS\SYSTEM32;C:\WINDOWS\WinSxS\amd64_microsoft.windows.common-controls_6595b64144ccf1df_6.0.26100.8521_none_3e08b75ce33403b3;c:\Users\ASUS\.vscode\extensions\redhat.java-1.55.0-win32-x64\jre\21.0.11-win32-x86_64\bin\server;C:\Users\ASUS\AppData\Roaming\Code\User\globalStorage\redhat.java\1.55.0\config_win\org.eclipse.equinox.launcher\org.eclipse.equinox.launcher.win32.win32.x86_64_1.3.100.v20260613-0559;C:\Users\ASUS\AppData\Local\Temp\jna-2018896

VM Arguments:
jvm_args: --add-modules=ALL-SYSTEM --add-opens=java.base/java.util=ALL-UNNAMED --add-opens=java.base/java.lang=ALL-UNNAMED --add-opens=java.base/sun.nio.fs=ALL-UNNAMED -Declipse.application=org.eclipse.jdt.ls.core.id1 -Dosgi.bundles.defaultStartLevel=4 -Declipse.product=org.eclipse.jdt.ls.core.product -Djava.import.generatesMetadataFilesAtProjectRoot=false -DDetectVMInstallationsJob.disabled=true -Dfile.encoding=utf8 -XX:+UseParallelGC -XX:GCTimeRatio=4 -XX:AdaptiveSizePolicyWeight=90 -Dsun.zip.disableMemoryMapping=true -Xmx2G -Xms100m -Xlog:disable -javaagent:c:\Users\ASUS\.vscode\extensions\redhat.java-1.55.0-win32-x64\lombok\lombok-1.18.39-4050.jar -XX:+HeapDumpOnOutOfMemoryError -XX:HeapDumpPath=c:\Users\ASUS\AppData\Roaming\Code\User\workspaceStorage\310fbe4528a2ae5d50329e2df5e0b5d2\redhat.java -Daether.dependencyCollector.impl=bf 
java_command: c:\Users\ASUS\.vscode\extensions\redhat.java-1.55.0-win32-x64\server\plugins\org.eclipse.equinox.launcher_1.7.200.v20260619-2039.jar -configuration c:\Users\ASUS\AppData\Roaming\Code\User\globalStorage\redhat.java\1.55.0\config_win -data c:\Users\ASUS\AppData\Roaming\Code\User\workspaceStorage\310fbe4528a2ae5d50329e2df5e0b5d2\redhat.java\jdt_ws --pipe=\\.\pipe\lsp-761c2291a03abfed24ac1e21895d1a50-sock
java_class_path (initial): c:\Users\ASUS\.vscode\extensions\redhat.java-1.55.0-win32-x64\server\plugins\org.eclipse.equinox.launcher_1.7.200.v20260619-2039.jar
Launcher Type: SUN_STANDARD

[Global flags]
    uintx AdaptiveSizePolicyWeight                 = 90                                        {product} {command line}
     intx CICompilerCount                          = 12                                        {product} {ergonomic}
    uintx GCTimeRatio                              = 4                                         {product} {command line}
     bool HeapDumpOnOutOfMemoryError               = true                                   {manageable} {command line}
    ccstr HeapDumpPath                             = c:\Users\ASUS\AppData\Roaming\Code\User\workspaceStorage\310fbe4528a2ae5d50329e2df5e0b5d2\redhat.java         {manageable} {command line}
   size_t InitialHeapSize                          = 104857600                                 {product} {command line}
   size_t MaxHeapSize                              = 2147483648                                {product} {command line}
   size_t MaxNewSize                               = 715653120                                 {product} {ergonomic}
   size_t MinHeapDeltaBytes                        = 524288                                    {product} {ergonomic}
   size_t MinHeapSize                              = 104857600                                 {product} {command line}
   size_t NewSize                                  = 34603008                                  {product} {ergonomic}
    uintx NonNMethodCodeHeapSize                   = 7602480                                {pd product} {ergonomic}
    uintx NonProfiledCodeHeapSize                  = 122027880                              {pd product} {ergonomic}
   size_t OldSize                                  = 70254592                                  {product} {ergonomic}
    uintx ProfiledCodeHeapSize                     = 122027880                              {pd product} {ergonomic}
    uintx ReservedCodeCacheSize                    = 251658240                              {pd product} {ergonomic}
     bool SegmentedCodeCache                       = true                                      {product} {ergonomic}
   size_t SoftMaxHeapSize                          = 2147483648                             {manageable} {ergonomic}
     bool UseCompressedOops                        = true                           {product lp64_product} {ergonomic}
     bool UseLargePagesIndividualAllocation        = false                                  {pd product} {ergonomic}
     bool UseParallelGC                            = true                                      {product} {command line}

Logging:
Log output configuration:
 #0: stdout all=off uptime,level,tags foldmultilines=false
 #1: stderr all=off uptime,level,tags foldmultilines=false

Release file:
JAVA_VERSION="21.0.11" 
MODULES="java.base java.compiler java.datatransfer java.xml java.prefs java.desktop java.instrument java.logging java.management java.security.sasl java.naming java.rmi java.management.rmi java.net.http java.scripting java.security.jgss java.transaction.xa java.sql java.sql.rowset java.xml.crypto java.se java.smartcardio jdk.accessibility jdk.internal.jvmstat jdk.attach jdk.charsets jdk.internal.opt jdk.zipfs jdk.compiler jdk.crypto.ec jdk.crypto.cryptoki jdk.crypto.mscapi jdk.dynalink jdk.internal.ed jdk.editpad jdk.hotspot.agent jdk.httpserver jdk.internal.le jdk.internal.vm.ci jdk.internal.vm.compiler jdk.internal.vm.compiler.management jdk.jartool jdk.javadoc jdk.jcmd jdk.management jdk.management.agent jdk.jconsole jdk.jdeps jdk.jdwp.agent jdk.jdi jdk.jfr jdk.jshell jdk.jsobject jdk.jstatd jdk.localedata jdk.management.jfr jdk.naming.dns jdk.naming.rmi jdk.net jdk.nio.mapmode jdk.random jdk.sctp jdk.security.auth jdk.security.jgss jdk.unsupported jdk.unsupported.desktop jdk.xml.dom" 

Environment Variables:
PATH=C:\Program Files\Alacritty\;C:\Program Files\Java\jdk-21.0.9+10\bin;C:\Program Files\Python313\Scripts\;C:\Program Files\Python313\;C:\Program Files (x86)\VMware\VMware Workstation\bin\;C:\WINDOWS\system32;C:\WINDOWS;C:\WINDOWS\System32\Wbem;C:\WINDOWS\System32\WindowsPowerShell\v1.0\;C:\WINDOWS\System32\OpenSSH\;C:\Program Files\NVIDIA Corporation\NVIDIA App\NvDLISR;C:\Program Files (x86)\NVIDIA Corporation\PhysX\Common;C:\Program Files\dotnet\;C:\php-8.4.7;C:\ProgramData\ComposerSetup\bin;C:\Program Files\nodejs\;C:\Program Files\Git\cmd;C:\Program Files\MongoDB\Server\8.2\bin;C:\Program Files\Java\jdk-25\;C:\ProgramData\chocolatey\bin;C:\Program Files\Microsoft SQL Server\150\Tools\Binn\;C:\Program Files\Microsoft SQL Server\Client SDK\ODBC\170\Tools\Binn\;C:\Program Files\Microsoft SQL Server\170\DTS\Binn\;C:\Users\ASUS\Downloads\flutter_windows_3.41.7-stable\flutter\bin;C:\flutter\bin;C:\flutter\bin\cache\dart-sdk;C:\Program Files\Docker\Docker\resources\bin;C:\Program Files\Java\jdk-21.0.9+10\bin;C:\Users\ASUS\AppData\Roaming\Code\User\globalStorage\pleiades.java-extension-pack-jdk\maven\latest\bin;C:\Program Files\PostgreSQL\18;C:\Users\ASUS\.cargo\bin;C:\Users\ASUS\AppData\Local\jcode\bin;c:\Users\ASUS\AppData\Local\Programs\cursor\resources\app\codeBin;C:\Program Files\Java\jdk-21.0.9+10\bin;C:\Users\ASUS\AppData\Local\Microsoft\WindowsApps;C:\Visaul Studio\Microsoft VS Code\bin;C:\Program Files\Azure Data Studio\bin;C:\Users\ASUS\AppData\Local\GitHubDesktop\bin;C:\Users\ASUS\AppData\Roaming\Composer\vendor\bin;C:\Users\ASUS\AppData\Roaming\npm;C:\Program Files\IntelliJ IDEA 2025.2.3\bin;C:\Program Files (x86)\Microsoft Visual Studio\Shared\NuGetPackages\microsoft.visualstudio.javascript.sdk;C:\Program Files\Java\jdk-25\;C:\Users\ASUS\.dotnet\tools;C:\Users\ASUS\AppData\Local\Microsoft\WinGet\Links;C:\Users\ASUS\AppData\Local\Programs\Antigravity\bin;C:\flutter\bin;C:\flutter\bin\cache\dart-sdk;%JAVA_HOME%bin;C:\Users\ASUS\Downloads\OpenJDK21U-jdk_x64_windows_hotspot_21.0.11_10 (2)\OpenJDK21U-jdk_x64_windows_hotspot_21.0.11_10\jdk-21.0.11+10\bin;C:\Program Files\Java\jdk-21.0.9+10\bin;C:\Users\ASUS\AppData\Local\Programs\Antigravity IDE\bin;C:\Users\ASUS\AppData\Roaming\Code\User\globalStorage\pleiades.java-extension-pack-jdk\maven\latest\bin;C:\Program Files\PostgreSQL\18;
USERNAME=ASUS
OS=Windows_NT
PROCESSOR_IDENTIFIER=AMD64 Family 25 Model 68 Stepping 1, AuthenticAMD
TMP=C:\Users\ASUS\AppData\Local\Temp
TEMP=C:\Users\ASUS\AppData\Local\Temp




Periodic native trim disabled

---------------  S Y S T E M  ---------------

OS:
 Windows 11 , 64 bit Build 26100 (10.0.26100.8521)
OS uptime: 0 days 0:31 hours
Hyper-V role detected

CPU: total 16 (initial active 16) (16 cores per cpu, 2 threads per core) family 25 model 68 stepping 1 microcode 0xa404107, cx8, cmov, fxsr, ht, mmx, 3dnowpref, sse, sse2, sse3, ssse3, sse4a, sse4.1, sse4.2, popcnt, lzcnt, tsc, tscinvbit, avx, avx2, aes, erms, clmul, bmi1, bmi2, adx, sha, fma, vzeroupper, clflush, clflushopt, hv, rdtscp, rdpid, fsrm, f16c, cet_ss
Processor Information for processor 0
  Max Mhz: 3100, Current Mhz: 2523, Mhz Limit: 3100
Processor Information for processor 1
  Max Mhz: 3100, Current Mhz: 3100, Mhz Limit: 3100
Processor Information for processor 2
  Max Mhz: 3100, Current Mhz: 2523, Mhz Limit: 3100
Processor Information for processor 3
  Max Mhz: 3100, Current Mhz: 2523, Mhz Limit: 3100
Processor Information for processor 4
  Max Mhz: 3100, Current Mhz: 2523, Mhz Limit: 3100
Processor Information for processor 5
  Max Mhz: 3100, Current Mhz: 2523, Mhz Limit: 3100
Processor Information for processor 6
  Max Mhz: 3100, Current Mhz: 2523, Mhz Limit: 3100
Processor Information for processor 7
  Max Mhz: 3100, Current Mhz: 3100, Mhz Limit: 3100
Processor Information for processor 8
  Max Mhz: 3100, Current Mhz: 2523, Mhz Limit: 3100
Processor Information for processor 9
  Max Mhz: 3100, Current Mhz: 2523, Mhz Limit: 3100
Processor Information for processor 10
  Max Mhz: 3100, Current Mhz: 2523, Mhz Limit: 3100
Processor Information for processor 11
  Max Mhz: 3100, Current Mhz: 3100, Mhz Limit: 3100
Processor Information for processor 12
  Max Mhz: 3100, Current Mhz: 3100, Mhz Limit: 3100
Processor Information for processor 13
  Max Mhz: 3100, Current Mhz: 2523, Mhz Limit: 3100
Processor Information for processor 14
  Max Mhz: 3100, Current Mhz: 2523, Mhz Limit: 3100
Processor Information for processor 15
  Max Mhz: 3100, Current Mhz: 2523, Mhz Limit: 3100

Memory: 4k page, system-wide physical 8010M (332M free)
TotalPageFile size 24394M (AvailPageFile size 14M)
current process WorkingSet (physical memory assigned to process): 649M, peak: 679M
current process commit charge ("private bytes"): 713M, peak: 713M

vm_info: OpenJDK 64-Bit Server VM (21.0.11+10-LTS) for windows-amd64 JRE (21.0.11+10-LTS), built on 2026-04-21T00:00:00Z by "admin" with MS VC++ 17.12 (VS2022)

END.
